// Jest Snapshot v1, https://goo.gl/fbAQLP

exports[`GlobalStyles should render global app styles 1`] = `
<ContextConsumer>
  <Component />
</ContextConsumer>
`;
